cargo :     Finished `test` profile [unoptimized 
+ debuginfo] target(s) in 0.18s
At line:1 char:1
+ cargo test > test_output.txt 2>&1
+ ~~~~~~~~~~~~~~~~~~~~~~~~~~~~~~~~~
    + CategoryInfo          : NotSpecified: (     
   Finished `t...get(s) in 0.18s:String) [], Rem  
  oteException
    + FullyQualifiedErrorId : NativeCommandError
 
     Running unittests src\lib.rs (target\debug\de
ps\archetype_ecs-e32e58b606f75224.exe)

running 75 tests
test command::tests::test_command_buffer_clear ... ok
test command::tests::test_command_buffer ... ok
test archetype::tests::test_archetype_creation ... ok
test component::tests::test_multiple_components ... ok
test app::tests::test_app_creation ... ok
test component::tests::test_single_component ... ok
test debug::tests::test_diagnostics ... ok
test debug::tests::test_world_inspector ... ok
test dependency::tests::test_critical_path_identification ... ok
test dependency::tests::test_complex_dependency_graph ... ok
test dependency::tests::test_no_conflicts_parallel ... ok
test dependency::tests::test_write_conflict_sequential ... ok
test event::tests::test_event_entity_id ... ok
test event_bus::tests::test_multiple_subscribers ... ok
test event::tests::test_event_queue_push_pop ... ok
test event_bus::tests::test_publish_and_process ... ok
test event_bus::tests::test_queue_overflow ... ok
test executor::tests::test_profiler_creation ... ok
test executor::tests::test_sync_point_creation ... ok
test hierarchy::tests::test_children_management ... ok
test hierarchy::tests::test_children_no_duplicates ... ok
test hierarchy::tests::test_transform_changed ... ok
test hierarchy_system::tests::test_attach_detach ... ok
test hierarchy_system::tests::test_hierarchy_system_access ... ok
test hierarchy_system::tests::test_hierarchy_system_creation ... ok
test observer::tests::test_observer_registration ... ok
test observer::tests::test_observer_registry_creation ... ok
test hierarchy_system::tests::test_transform_propagation ... ok
test parallel::tests::test_priority_assignment ... ok
test parallel::tests::test_task_scheduling ... ok
test parallel::tests::test_adaptive_profiling ... ok
test parallel::tests::test_parallel_executor_creation ... ok
test query::tests::test_change_detection ... ok
test query::tests::test_query_filters ... ok
test query::tests::test_incremental_update ... ok
test schedule::tests::test_lazy_rebuild ... ok
test schedule::tests::test_stage_creation ... ok
test system::tests::test_system_access_no_conflicts ... ok
test system::tests::test_system_access_conflicts ... ok
test tests::tests::test_archetype_segregation ... ok
test system::tests::test_system_run_signature ... ok
test query::tests::test_query_state_creation ... ok
test tests::tests::test_command_buffer_capacity ... ok
test tests::tests::test_basic_spawn_despawn ... ok
test tests::tests::test_entity_count ... ok
test tests::tests::test_entity_exists ... ok
test tests::tests::test_entity_location_tracking ... ok
test tests::tests::test_executor_propagates_errors_and_stops ... ok
test tests::tests::test_executor_runs_systems_in_order ... ok
test tests::tests::test_get_component_api ... ok
test tests::tests::test_get_component_mut_api ... ok
test tests::tests::test_get_components_tuple_api ... ok
test tests::tests::test_get_components_mut_tuple_api ... ok
test tests::tests::test_multiple_components ... ok
test tests::tests::test_query_count ... ok
test tests::tests::test_recycled_entity_count ... ok
test tests::tests::test_query_mut_iteration ... ok
test tests::tests::test_query_state_creation ... ok
test tests::tests::test_spawn_despawn_errors ... ok
test time::tests::test_fixed_time_60hz ... ok
test time::tests::test_fixed_time_slow_frame ... ok
test time::tests::test_overstep_fraction ... ok
test tests::tests::test_world_clear ... ok
test time::tests::test_time_creation ... ok
test time::tests::test_time_pause ... ok
test transform::tests::test_global_from_local ... ok
test transform::tests::test_global_from_local_with_scale ... ok
test transform::tests::test_quat_identity ... ok
test transform::tests::test_vec3_length ... ok
test transform::tests::test_vec3_operations ... ok
test world::tests::test_archetype_segregation ... ok
test world::tests::test_spawn_despawn ... ok
test tests::tests::test_mixed_spawn_patterns ... ok
test tests::tests::test_memory_stats ... ok
test tests::tests::test_large_scale_spawn ... ok

test result: ok. 75 passed; 0 failed; 0 ignored; 0 measured; 0 filtered out; finished in 0.03s

     Running unittests src\bin\bench_spawn.rs (tar
get\debug\deps\bench_spawn-70859d33dbe17e10.exe)

running 0 tests

test result: ok. 0 passed; 0 failed; 0 ignored; 0 measured; 0 filtered out; finished in 0.00s

     Running unittests src\bin\profile_spawn.rs (t
arget\debug\deps\profile_spawn-6e2ffb19dcb77efa.ex
e)

running 0 tests

test result: ok. 0 passed; 0 failed; 0 ignored; 0 measured; 0 filtered out; finished in 0.00s

     Running tests\change_detection.rs (target\deb
ug\deps\change_detection-5c4cde52e90479cc.exe)

running 2 tests
test test_complex_change_filter ... ok
test test_change_detection_flow ... ok

test result: ok. 2 passed; 0 failed; 0 ignored; 0 measured; 0 filtered out; finished in 0.00s

     Running tests\hierarchy_comprehensive.rs (tar
get\debug\deps\hierarchy_comprehensive-ea846c9748c
a007d.exe)

running 6 tests
test test_hierarchy_no_parent ... ok
test test_hierarchy_single_parent_child ... ok
test test_hierarchy_multiple_children ... ok
test test_hierarchy_reparenting ... ok
test test_hierarchy_deep_nesting ... ok
test test_hierarchy_performance_1000_entities ... ok

test result: ok. 6 passed; 0 failed; 0 ignored; 0 measured; 0 filtered out; finished in 0.01s

     Running tests\parallel_query.rs (target\debug
\deps\parallel_query-5358b027c72ff9c3.exe)

running 2 tests
test test_parallel_query_complex_filter ... ok
test test_parallel_query_basic ... ok

test result: ok. 2 passed; 0 failed; 0 ignored; 0 measured; 0 filtered out; finished in 0.03s

     Running tests\profile_spawn.rs (target\debug\
deps\profile_spawn-02254093afb2e632.exe)

running 0 tests

test result: ok. 0 passed; 0 failed; 0 ignored; 0 measured; 0 filtered out; finished in 0.00s

     Running tests\query_cache.rs (target\debug\de
ps\query_cache-9b48d499b3233ade.exe)

running 5 tests
test test_query_cache_clear ... ok
test test_query_cache_incremental_invalidation ... ok
test test_query_cache_stats ... ok
test test_query_cache_basic ... ok
test test_query_cache_performance ... ok

test result: ok. 5 passed; 0 failed; 0 ignored; 0 measured; 0 filtered out; finished in 0.01s

     Running 
tests\reproduce_bug_remove_component.rs (target\de
bug\deps\reproduce_bug_remove_component-cd6cfc956b
c1e33e.exe)

running 4 tests
test remove_component_tests::test_remove_component_sequential_stress ... ok
test remove_component_tests::test_remove_component_middle_preserves_data ... ok
test remove_component_tests::test_remove_component_multiple_entities ... ok
test remove_component_tests::test_remove_nonexistent_component ... ok

test result: ok. 4 passed; 0 failed; 0 ignored; 0 measured; 0 filtered out; finished in 0.00s

     Running tests\reproduce_despawn.rs (target\de
bug\deps\reproduce_despawn-371623d879c5ad8e.exe)

running 1 test
test tests::test_despawn_bug_reproduction ... ok

test result: ok. 1 passed; 0 failed; 0 ignored; 0 measured; 0 filtered out; finished in 0.00s

     Running tests\test_features.rs (target\debug\
deps\test_features-4aefb6500f102750.exe)

running 3 tests
test test_reflection ... ok
test test_added_detection ... ok
test test_change_detection ... FAILED

failures:

---- test_change_detection stdout ----

thread 'test_change_detection' panicked at tests\test_features.rs:52:5:
assertion `left == right` failed
  left: 0
 right: 1
note: run with `RUST_BACKTRACE=1` environment variable to display a backtrace


failures:
    test_change_detection

test result: FAILED. 2 passed; 1 failed; 0 ignored; 0 measured; 0 filtered out; finished in 0.00s

error: test failed, to rerun pass `--test 
test_features`
